dumping fs to /home/hleserg/ha-mqtt-sensor-hub/mjsxj05cm-research/firmware/extracted-3.5.1_0052-data (endianness: <)
Jffs2_raw_inode count: 230
Jffs2_raw_dirent count: 230
writing S_ISREG .config.def
writing S_ISDIR bin
writing S_ISDIR data
writing S_ISDIR etc
writing S_ISDIR lib
writing S_ISDIR mstar_ko
writing S_ISDIR sound
writing S_ISREG bin/.gitkeep
writing S_ISREG bin/agent_client
writing S_ISREG bin/factory
writing S_ISREG bin/fetch_av
writing S_ISREG bin/fix_tz
writing S_ISREG bin/fsck_check.sh
writing S_ISREG bin/imi_watchdog
writing S_ISREG bin/ipc_client
writing S_ISREG bin/log2mi.sh
writing S_ISREG bin/log2tf.sh
writing S_ISREG bin/log_diag.sh
writing S_ISREG bin/miio_agent
writing S_ISREG bin/miio_algo
writing S_ISREG bin/miio_client
writing S_ISREG bin/miio_client_helper_nomqtt.sh
writing S_ISREG bin/miio_cloud
writing S_ISREG bin/miio_devicekit
writing S_ISREG bin/miio_log
writing S_ISREG bin/miio_md
writing S_ISREG bin/miio_nas
writing S_ISREG bin/miio_nas_syncer
writing S_ISREG bin/miio_ota
writing S_ISREG bin/miio_qrcode
writing S_ISREG bin/miio_record
writing S_ISREG bin/miio_recv_line
writing S_ISREG bin/miio_sdcard
writing S_ISREG bin/miio_send_line
writing S_ISREG bin/miio_stream
writing S_ISREG bin/mortoxc
writing S_ISREG bin/mortoxd
writing S_ISREG bin/network_governor.sh
writing S_ISREG bin/play_audio_test
writing S_ISREG bin/post-ota.sh
writing S_ISREG bin/pre-ota.sh
writing S_ISREG bin/shbf_client
writing S_ISREG bin/wifi_start.sh
writing S_ISREG bin/wpa_event.sh
writing S_ISREG bin/wpa_supplicant.conf
writing S_ISREG data/MijiaRootCert.pem
writing S_ISDIR data/audio
writing S_ISDIR data/cfg
writing S_ISDIR data/font
writing S_ISDIR data/property
writing S_ISREG data/resolv.conf
writing S_ISREG data/audio/mstar_mic.cfg
writing S_ISREG data/cfg/public-key.pem
writing S_ISREG data/font/MI_LanTing_Light_Camera.ttf
writing S_ISLNK data/font/logo16.1555
writing S_ISLNK data/font/logo48.1555
writing S_ISREG data/font/mi_logo16.1555
writing S_ISREG data/font/mi_logo48.1555
writing S_ISREG data/font/mijia_logo16.1555
writing S_ISREG data/font/mijia_logo48.1555
writing S_ISREG data/property/.gitkeep
writing S_ISDIR etc/Wireless
writing S_ISREG etc/crontab
writing S_ISREG etc/mortoxd.conf
writing S_ISREG etc/os-release
writing S_ISDIR etc/perp
writing S_ISDIR etc/Wireless/RT2870STA
writing S_ISREG etc/Wireless/RT2870STA/MT7601USTA.dat
writing S_ISREG etc/Wireless/RT2870STA/MT7603USTA.dat
writing S_ISDIR etc/perp/.boot
writing S_ISDIR etc/perp/.common
writing S_ISLNK etc/perp/.control
writing S_ISDIR etc/perp/fetch_av
writing S_ISDIR etc/perp/miio_agent
writing S_ISDIR etc/perp/miio_algo
writing S_ISDIR etc/perp/miio_client
writing S_ISDIR etc/perp/miio_client_helper
writing S_ISDIR etc/perp/miio_cloud
writing S_ISDIR etc/perp/miio_devicekit
writing S_ISDIR etc/perp/miio_nas
writing S_ISDIR etc/perp/miio_ota
writing S_ISDIR etc/perp/miio_qrcode
writing S_ISDIR etc/perp/miio_record
writing S_ISDIR etc/perp/miio_sdcard
writing S_ISDIR etc/perp/miio_stream
writing S_ISDIR etc/perp/mortox
writing S_ISREG etc/perp/.boot/rc.log
writing S_ISREG etc/perp/.boot/rc.perp
writing S_ISREG etc/perp/.common/rc.main
writing S_ISREG etc/perp/fetch_av/fetch_av_set.sh
writing S_ISREG etc/perp/fetch_av/rc.log
writing S_ISREG etc/perp/fetch_av/rc.main
writing S_ISREG etc/perp/miio_agent/rc.log
writing S_ISREG etc/perp/miio_agent/rc.main
writing S_ISREG etc/perp/miio_algo/rc.main
writing S_ISREG etc/perp/miio_client/rc.main
writing S_ISREG etc/perp/miio_client_helper/rc.log
writing S_ISREG etc/perp/miio_client_helper/rc.main
writing S_ISREG etc/perp/miio_cloud/rc.main
writing S_ISREG etc/perp/miio_devicekit/rc.main
writing S_ISREG etc/perp/miio_nas/rc.main
writing S_ISREG etc/perp/miio_ota/rc.main
writing S_ISREG etc/perp/miio_qrcode/rc.main
writing S_ISREG etc/perp/miio_record/rc.main
writing S_ISREG etc/perp/miio_sdcard/rc.main
writing S_ISREG etc/perp/miio_stream/rc.main
writing S_ISREG etc/perp/mortox/rc.main
writing S_ISREG lib/.gitkeep
writing S_ISREG lib/libAEC_LINUX.so
writing S_ISREG lib/libAPC_LINUX.so
writing S_ISREG lib/libAVAPIs.so
writing S_ISREG lib/libIOTCAPIs.so
writing S_ISREG lib/libP2PTunnelAPIs.so
writing S_ISREG lib/libPPCS_API.so
writing S_ISREG lib/libRDTAPIs.so
writing S_ISREG lib/libalgo.so
writing S_ISLNK lib/libboardav.so
writing S_ISLNK lib/libboardav.so.1
writing S_ISREG lib/libboardav.so.1.0.0
writing S_ISLNK lib/libdevice_kit.so
writing S_ISLNK lib/libdevice_kit.so.0
writing S_ISREG lib/libdevice_kit.so.0.0.1
writing S_ISREG lib/libg711.so
writing S_ISLNK lib/libmem.so
writing S_ISLNK lib/libmem.so.0
writing S_ISREG lib/libmem.so.0.0.0
writing S_ISREG lib/libmi_ai.so
writing S_ISREG lib/libmi_ao.so
writing S_ISREG lib/libmi_common.so
writing S_ISREG lib/libmi_divp.so
writing S_ISREG lib/libmi_iqserver.so
writing S_ISREG lib/libmi_isp.so
writing S_ISREG lib/libmi_rgn.so
writing S_ISREG lib/libmi_sensor.so
writing S_ISREG lib/libmi_sys.so
writing S_ISREG lib/libmi_venc.so
writing S_ISREG lib/libmi_vif.so
writing S_ISREG lib/libmi_vpe.so
writing S_ISLNK lib/libmiio_mp4_synthetic.so
writing S_ISLNK lib/libmiio_mp4_synthetic.so.0
writing S_ISREG lib/libmiio_mp4_synthetic.so.0.0.0
writing S_ISREG lib/libmiio_samba.so
writing S_ISLNK lib/libmiio_statistics.so
writing S_ISLNK lib/libmiio_statistics.so.0
writing S_ISREG lib/libmiio_statistics.so.0.0.1
writing S_ISLNK lib/libmiio_util.so
writing S_ISLNK lib/libmiio_util.so.0
writing S_ISREG lib/libmiio_util.so.0.0.1
writing S_ISREG lib/libmiss.so
writing S_ISLNK lib/libmortox.so
writing S_ISLNK lib/libmortox.so.0
writing S_ISREG lib/libmortox.so.0.0.0
writing S_ISLNK lib/libmortox_share.so
writing S_ISLNK lib/libmortox_share.so.0
writing S_ISREG lib/libmortox_share.so.0.0.0
writing S_ISLNK lib/libmortoxev.so
writing S_ISLNK lib/libmortoxev.so.0
writing S_ISREG lib/libmortoxev.so.0.0.0
writing S_ISLNK lib/libmp4v2.so
writing S_ISLNK lib/libmp4v2.so.2
writing S_ISREG lib/libmp4v2.so.2.0.0
writing S_ISLNK lib/libnvram.so
writing S_ISLNK lib/libnvram.so.0
writing S_ISREG lib/libnvram.so.0.0.0
writing S_ISLNK lib/libota_platform.so
writing S_ISLNK lib/libota_platform.so.0
writing S_ISREG lib/libota_platform.so.0.0.1
writing S_ISREG lib/librlf.so
writing S_ISLNK lib/libshbf.so
writing S_ISREG lib/libshbf.so.0.2
writing S_ISLNK lib/libshbfev.so
writing S_ISREG lib/libshbfev.so.0.2
writing S_ISREG mstar_ko/gc2053_MIPI.ko
writing S_ISREG mstar_ko/mhal.ko
writing S_ISREG mstar_ko/mi_ai.ko
writing S_ISREG mstar_ko/mi_ao.ko
writing S_ISREG mstar_ko/mi_common.ko
writing S_ISREG mstar_ko/mi_divp.ko
writing S_ISREG mstar_ko/mi_rgn.ko
writing S_ISREG mstar_ko/mi_sensor.ko
writing S_ISREG mstar_ko/mi_sys.ko
writing S_ISREG mstar_ko/mi_venc.ko
writing S_ISREG mstar_ko/mi_vif.ko
writing S_ISREG mstar_ko/mi_vpe.ko
writing S_ISLNK sound/5GHz_wifi_supported
writing S_ISLNK sound/binding_fail
writing S_ISLNK sound/binding_success
writing S_ISLNK sound/booting
writing S_ISDIR sound/cn
writing S_ISLNK sound/connecting_pease_wait
writing S_ISLNK sound/ding
writing S_ISDIR sound/en
writing S_ISLNK sound/error
writing S_ISLNK sound/qrcode_success
writing S_ISLNK sound/qrcode_supported
writing S_ISLNK sound/reset_success
writing S_ISLNK sound/waiting_connection
writing S_ISLNK sound/wifi_connected
writing S_ISREG sound/cn/5GHz_wifi_supported
writing S_ISREG sound/cn/alarm1
writing S_ISREG sound/cn/alarm2
writing S_ISREG sound/cn/alarm3
writing S_ISREG sound/cn/binding_fail
writing S_ISREG sound/cn/binding_success
writing S_ISREG sound/cn/booting
writing S_ISREG sound/cn/connecting_pease_wait
writing S_ISREG sound/cn/ding
writing S_ISREG sound/cn/error
writing S_ISREG sound/cn/ota
writing S_ISREG sound/cn/qrcode_success
writing S_ISREG sound/cn/qrcode_supported
writing S_ISREG sound/cn/reset_success
writing S_ISREG sound/cn/waiting_connection
writing S_ISREG sound/cn/wifi_connected
writing S_ISREG sound/en/5GHz_wifi_supported
writing S_ISREG sound/en/alarm1
writing S_ISREG sound/en/alarm2
writing S_ISREG sound/en/alarm3
writing S_ISREG sound/en/binding_fail
writing S_ISREG sound/en/binding_success
writing S_ISREG sound/en/booting
writing S_ISREG sound/en/connecting_pease_wait
writing S_ISREG sound/en/ding
writing S_ISREG sound/en/error
writing S_ISREG sound/en/ota
writing S_ISREG sound/en/qrcode_success
writing S_ISREG sound/en/qrcode_supported
writing S_ISREG sound/en/reset_success
writing S_ISREG sound/en/waiting_connection
writing S_ISREG sound/en/wifi_connected
